// Jest Snapshot v1, https://goo.gl/fbAQLP

exports[`Card list List snapshot 1`] = `
Object {
  "asFragment": [Function],
  "baseElement": <body>
    <div>
      <div
        class="cards-wrapper"
      >
        <div
          class="card"
        >
          <h3
            class="card__title"
          >
            Fjallraven - Foldsack No. 1 Backpack, Fits 15 Laptops
          </h3>
          <img
            alt="men's clothing"
            class="card__img"
            src="https://fakestoreapi.com/img/81fPKd-2AYL._AC_SL1500_.jpg"
          />
          <p
            class="card__rating"
          >
            3.9
             ★
          </p>
          <p
            class="card__price"
          >
            109.95
             $
          </p>
        </div>
        <div
          class="card"
        >
          <h3
            class="card__title"
          >
            Mens Casual Premium Slim Fit T-Shirts 
          </h3>
          <img
            alt="men's clothing"
            class="card__img"
            src="https://fakestoreapi.com/img/71-3HjGNDUL._AC_SY879._SX._UX._SY._UY_.jpg"
          />
          <p
            class="card__rating"
          >
            4.1
             ★
          </p>
          <p
            class="card__price"
          >
            22.3
             $
          </p>
        </div>
      </div>
    </div>
  </body>,
  "container": <div>
    <div
      class="cards-wrapper"
    >
      <div
        class="card"
      >
        <h3
          class="card__title"
        >
          Fjallraven - Foldsack No. 1 Backpack, Fits 15 Laptops
        </h3>
        <img
          alt="men's clothing"
          class="card__img"
          src="https://fakestoreapi.com/img/81fPKd-2AYL._AC_SL1500_.jpg"
        />
        <p
          class="card__rating"
        >
          3.9
           ★
        </p>
        <p
          class="card__price"
        >
          109.95
           $
        </p>
      </div>
      <div
        class="card"
      >
        <h3
          class="card__title"
        >
          Mens Casual Premium Slim Fit T-Shirts 
        </h3>
        <img
          alt="men's clothing"
          class="card__img"
          src="https://fakestoreapi.com/img/71-3HjGNDUL._AC_SY879._SX._UX._SY._UY_.jpg"
        />
        <p
          class="card__rating"
        >
          4.1
           ★
        </p>
        <p
          class="card__price"
        >
          22.3
           $
        </p>
      </div>
    </div>
  </div>,
  "debug": [Function],
  "findAllByAltText": [Function],
  "findAllByDisplayValue": [Function],
  "findAllByLabelText": [Function],
  "findAllByPlaceholderText": [Function],
  "findAllByRole": [Function],
  "findAllByTestId": [Function],
  "findAllByText": [Function],
  "findAllByTitle": [Function],
  "findByAltText": [Function],
  "findByDisplayValue": [Function],
  "findByLabelText": [Function],
  "findByPlaceholderText": [Function],
  "findByRole": [Function],
  "findByTestId": [Function],
  "findByText": [Function],
  "findByTitle": [Function],
  "getAllByAltText": [Function],
  "getAllByDisplayValue": [Function],
  "getAllByLabelText": [Function],
  "getAllByPlaceholderText": [Function],
  "getAllByRole": [Function],
  "getAllByTestId": [Function],
  "getAllByText": [Function],
  "getAllByTitle": [Function],
  "getByAltText": [Function],
  "getByDisplayValue": [Function],
  "getByLabelText": [Function],
  "getByPlaceholderText": [Function],
  "getByRole": [Function],
  "getByTestId": [Function],
  "getByText": [Function],
  "getByTitle": [Function],
  "queryAllByAltText": [Function],
  "queryAllByDisplayValue": [Function],
  "queryAllByLabelText": [Function],
  "queryAllByPlaceholderText": [Function],
  "queryAllByRole": [Function],
  "queryAllByTestId": [Function],
  "queryAllByText": [Function],
  "queryAllByTitle": [Function],
  "queryByAltText": [Function],
  "queryByDisplayValue": [Function],
  "queryByLabelText": [Function],
  "queryByPlaceholderText": [Function],
  "queryByRole": [Function],
  "queryByTestId": [Function],
  "queryByText": [Function],
  "queryByTitle": [Function],
  "rerender": [Function],
  "unmount": [Function],
}
`;

exports[`Card list render cards 1`] = `
Array [
  <h3
    class="card__title"
  >
    Fjallraven - Foldsack No. 1 Backpack, Fits 15 Laptops
  </h3>,
  <h3
    class="card__title"
  >
    Mens Casual Premium Slim Fit T-Shirts 
  </h3>,
]
`;
